// Jest Snapshot v1, https://goo.gl/fbAQLP

exports[`RelatedVideos renders correctly 1`] = `
<DocumentFragment>
  <p>
    Something is wrong ðŸ˜–
  </p>
</DocumentFragment>
`;
